// Jest Snapshot v1, https://goo.gl/fbAQLP

exports[`<Main /> should render the heading 1`] = `
.c0 {
  display: grid;
  place-content: center;
  place-items: center;
  background-color: #efefef;
  color: #333;
  width: 100vw;
  height: 100vh;
}

.c1 {
  font-size: 4rem;
  font-weight: 200;
  margin-bottom: 1rem;
}

.c2 {
  font-size: 2.5rem;
  font-weight: 200;
}

<div>
  <main
    class="c0"
  >
    <h1
      class="c1"
    >
      NextJS App
    </h1>
    <h2
      class="c2"
    >
      My Awesome Web App
    </h2>
  </main>
</div>
`;
